// Jest Snapshot v1, https://goo.gl/fbAQLP

exports[`Page Spinner should render a page spinner 1`] = `
<PageSpin
  spinning={true}
>
  <Spin
    className="spin"
    size="large"
    spinning={true}
    wrapperClassName=""
  >
    <div
      className="ant-spin ant-spin-lg ant-spin-spinning spin"
    >
      <span
        className="ant-spin-dot ant-spin-dot-spin"
      >
        <i
          className="ant-spin-dot-item"
        />
        <i
          className="ant-spin-dot-item"
        />
        <i
          className="ant-spin-dot-item"
        />
        <i
          className="ant-spin-dot-item"
        />
      </span>
    </div>
  </Spin>
</PageSpin>
`;
